Mar 17 07:41:41 extl-ssh-proxy sshd[1011023]: Disconnected from invalid user huyc 282.253.18.123 port 47660 [preauth]
Mar 17 07:41:46 extl-ssh-proxy sshd[1011025]: Connection from 179.63.198.76 port 55368 on 10.2.35.200 port 22 rdomain ""
Mar 17 07:41:47 extl-ssh-proxy sshd[1011027]: Connection from 57.222.68.42 port 35908 on 10.2.35.200 port 22 rdomain ""
Mar 17 07:41:47 extl-ssh-proxy sshd[1011025]: Received disconnect from 179.63.198.76 port 55368:11: Bye Bye [preauth]
Mar 17 07:41:47 extl-ssh-proxy sshd[1011025]: Disconnected from authenticating user root 179.63.198.76 port 55368 [preauth]
Mar 17 07:41:48 extl-ssh-proxy sshd[1011027]: Invalid user mas from 57.222.68.42 port 35908
Mar 17 07:41:48 extl-ssh-proxy sshd[1011027]: Received disconnect from 57.222.68.42 port 35908:11: Bye Bye [preauth]
Mar 17 07:41:48 extl-ssh-proxy sshd[1011027]: Disconnected from invalid user mas 57.222.68.42 port 35908 [preauth]
Mar 17 07:41:49 extl-ssh-proxy sshd[1011029]: Connection from 217.41.99.125 port 35036 on 10.2.35.200 port 22 rdomain ""
Mar 17 07:41:50 extl-ssh-proxy sshd[1011029]: Failed publickey for proxy-user from 217.41.99.125 port 35036 ssh2: RSA SHA256:6REh0YYA5CfXrCT86SlnBmW83t/ZedvnlUqDOkgWzYs
Mar 17 07:41:50 extl-ssh-proxy sshd[1011029]: Accepted key RSA SHA256:SNiDjsysmCYSk8fmtxtbHbMaQDDogv7P+IY6/mQKz9U found at /home/proxy-user/.ssh/authorized_keys:27
Mar 17 07:41:50 extl-ssh-proxy sshd[1011029]: Postponed publickey for proxy-user from 217.41.99.125 port 35036 ssh2 [preauth]
Mar 17 07:41:50 extl-ssh-proxy sshd[1011029]: Accepted key RSA SHA256:SNiDjsysmCYSk8fmtxtbHbMaQDDogv7P+IY6/mQKz9U found at /home/proxy-user/.ssh/authorized_keys:27
Mar 17 07:41:50 extl-ssh-proxy sshd[1011029]: Accepted publickey for proxy-user from 217.41.99.125 port 35036 ssh2: RSA SHA256:SNiDjsysmCYSk8fmtxtbHbMaQDDogv7P+IY6/mQKz9U
Mar 17 07:41:50 extl-ssh-proxy sshd[1011029]: pam_unix(sshd:session): session opened for user proxy-user(uid=1008) by (uid=0)
Mar 17 07:41:50 extl-ssh-proxy systemd-logind[596]: New session 888 of user proxy-user.
Mar 17 07:41:50 extl-ssh-proxy sshd[1011029]: User child is on pid 1011031
Mar 17 07:41:50 extl-ssh-proxy sshd[1011032]: Connection from 190.228.103.59 port 46584 on 10.2.35.200 port 22 rdomain ""
Mar 17 07:41:52 extl-ssh-proxy sshd[1011032]: Received disconnect from 190.228.103.59 port 46584:11: Bye Bye [preauth]
Mar 17 07:41:52 extl-ssh-proxy sshd[1011032]: Disconnected from authenticating user root 190.228.103.59 port 46584 [preauth]
Mar 17 07:41:54 extl-ssh-proxy sshd[1011034]: Connection from 10.5.13.124 port 43308 on 10.2.35.200 port 22 rdomain ""
Mar 17 07:41:55 extl-ssh-proxy sshd[1011034]: Accepted key RSA SHA256:oCUpgneXmI2DtgLvkSGtzVEnrb0gE02N7pCNB3QJmB8 found at /home/rfeynman/.ssh/authorized_keys:1
Mar 17 07:41:55 extl-ssh-proxy sshd[1011034]: Postponed publickey for rfeynman from 10.5.13.124 port 43308 ssh2 [preauth]
Mar 17 07:41:55 extl-ssh-proxy sshd[1011034]: Accepted key RSA SHA256:oCUpgneXmI2DtgLvkSGtzVEnrb0gE02N7pCNB3QJmB8 found at /home/rfeynman/.ssh/authorized_keys:1
Mar 17 07:41:55 extl-ssh-proxy sshd[1011034]: Accepted publickey for rfeynman from 10.5.13.124 port 43308 ssh2: RSA SHA256:oCUpgneXmI2DtgLvkSGtzVEnrb0gE02N7pCNB3QJmB8
Mar 17 07:41:55 extl-ssh-proxy sshd[1011034]: pam_unix(sshd:session): session opened for user rfeynman(uid=1006) by (uid=0)
Mar 17 07:41:55 extl-ssh-proxy systemd-logind[596]: New session 889 of user rfeynman.
Mar 17 07:41:55 extl-ssh-proxy systemd: pam_unix(systemd-user:session): session opened for user rfeynman(uid=1006) by (uid=0)
Mar 17 07:41:55 extl-ssh-proxy sshd[1011034]: User child is on pid 1011045
Mar 17 07:41:56 extl-ssh-proxy sshd[1011045]: Starting session: shell on pts/0 for rfeynman from 10.5.13.124 port 43308 id 0
Mar 17 07:41:58 extl-ssh-proxy sudo: rfeynman : TTY=pts/0 ; PWD=/home/rfeynman ; USER=root ; COMMAND=/bin/bash
Mar 17 07:41:58 extl-ssh-proxy sudo: pam_unix(sudo:session): session opened for user root(uid=0) by rfeynman(uid=1006)
Mar 17 07:41:59 extl-ssh-proxy sshd[1011064]: Connection from 237.90.23.122 port 43737 on 10.2.35.200 port 22 rdomain ""
Mar 17 07:41:59 extl-ssh-proxy sshd[1011064]: Received disconnect from 237.90.23.122 port 43737:11: Bye Bye [preauth]
Mar 17 07:41:59 extl-ssh-proxy sshd[1011064]: Disconnected from authenticating user root 237.90.23.122 port 43737 [preauth]
Mar 17 07:42:00 extl-ssh-proxy sshd[1011066]: Connection from 172.104.11.46 port 60048 on 10.2.35.200 port 22 rdomain ""
Mar 17 07:42:00 extl-ssh-proxy sshd[1011068]: Connection from 179.60.147.143 port 26434 on 10.2.35.200 port 22 rdomain ""
Mar 17 07:42:00 extl-ssh-proxy sshd[1011066]: Connection closed by 172.104.11.46 port 60048 [preauth]
Mar 17 07:42:00 extl-ssh-proxy sshd[1011069]: Connection from 172.104.11.46 port 60050 on 10.2.35.200 port 22 rdomain ""
Mar 17 07:42:00 extl-ssh-proxy sshd[1011069]: Connection closed by 172.104.11.46 port 60050 [preauth]
Mar 17 07:42:01 extl-ssh-proxy sshd[1011072]: Connection from 172.104.11.46 port 60062 on 10.2.35.200 port 22 rdomain ""
Mar 17 07:42:01 extl-ssh-proxy sshd[1011072]: Connection closed by 172.104.11.46 port 60062 [preauth]
Mar 17 07:42:01 extl-ssh-proxy sshd[1011068]: Invalid user Support from 179.60.147.143 port 26434
Mar 17 07:42:02 extl-ssh-proxy sshd[1011068]: Connection closed by invalid user Support 179.60.147.143 port 26434 [preauth]
Mar 17 07:42:03 extl-ssh-proxy sshd[1011031]: Received disconnect from 217.41.99.125 port 35036:11: disconnected by user
Mar 17 07:42:03 extl-ssh-proxy sshd[1011031]: Disconnected from user proxy-user 217.41.99.125 port 35036
Mar 17 07:42:03 extl-ssh-proxy systemd-logind[596]: Session 888 logged out. Waiting for processes to exit.
Mar 17 07:42:03 extl-ssh-proxy sshd[1011029]: pam_unix(sshd:session): session closed for user proxy-user
Mar 17 07:42:03 extl-ssh-proxy systemd-logind[596]: Removed session 888.
